// Jest Snapshot v1, https://goo.gl/fbAQLP

exports[`<Button /> should render the medium size by default 1`] = `
.c0 {
  border: none;
  padding: 0.8rem;
  border-radius: 0.4rem;
  cursor: pointer;
  color: #FAFAFA;
  background: linear-gradient(180deg,#ff5f5f 0%,#f062c0 50%);
  height: 4rem;
  font-size: 1.4rem;
  padding: 0.8rem 3.2rem;
}

<div>
  <button
    class="c0"
  >
    <span>
      Buy now
    </span>
  </button>
</div>
`;
